C:\academia\src\ToDo_APP\src\main\java\com\example\todo\api\ApiResponse.java
C:\academia\src\ToDo_APP\src\main\java\com\example\todo\api\TodoApiController.java
C:\academia\src\ToDo_APP\src\main\java\com\example\todo\api\TodoApiRequest.java
C:\academia\src\ToDo_APP\src\main\java\com\example\todo\aspect\AuditAspect.java
C:\academia\src\ToDo_APP\src\main\java\com\example\todo\aspect\LoggingAspect.java
C:\academia\src\ToDo_APP\src\main\java\com\example\todo\aspect\PerformanceAspect.java
C:\academia\src\ToDo_APP\src\main\java\com\example\todo\audit\Auditable.java
C:\academia\src\ToDo_APP\src\main\java\com\example\todo\config\AsyncConfig.java
C:\academia\src\ToDo_APP\src\main\java\com\example\todo\config\WebConfig.java
C:\academia\src\ToDo_APP\src\main\java\com\example\todo\controller\AdminAuditLogController.java
C:\academia\src\ToDo_APP\src\main\java\com\example\todo\controller\AdminUserController.java
C:\academia\src\ToDo_APP\src\main\java\com\example\todo\controller\AuthController.java
C:\academia\src\ToDo_APP\src\main\java\com\example\todo\controller\HelloController.java
C:\academia\src\ToDo_APP\src\main\java\com\example\todo\controller\package-info.java
C:\academia\src\ToDo_APP\src\main\java\com\example\todo\controller\TodoController.java
C:\academia\src\ToDo_APP\src\main\java\com\example\todo\exception\ApiExceptionHandler.java
C:\academia\src\ToDo_APP\src\main\java\com\example\todo\exception\BusinessException.java
C:\academia\src\ToDo_APP\src\main\java\com\example\todo\exception\GlobalExceptionHandler.java
C:\academia\src\ToDo_APP\src\main\java\com\example\todo\exception\TodoNotFoundException.java
C:\academia\src\ToDo_APP\src\main\java\com\example\todo\form\package-info.java
C:\academia\src\ToDo_APP\src\main\java\com\example\todo\form\RegisterForm.java
C:\academia\src\ToDo_APP\src\main\java\com\example\todo\form\TodoForm.java
C:\academia\src\ToDo_APP\src\main\java\com\example\todo\mapper\AuditLogMapper.java
C:\academia\src\ToDo_APP\src\main\java\com\example\todo\mapper\CategoryMapper.java
C:\academia\src\ToDo_APP\src\main\java\com\example\todo\mapper\TodoAttachmentMapper.java
C:\academia\src\ToDo_APP\src\main\java\com\example\todo\mapper\TodoHistoryMapper.java
C:\academia\src\ToDo_APP\src\main\java\com\example\todo\mapper\TodoMapper.java
C:\academia\src\ToDo_APP\src\main\java\com\example\todo\mapper\UserMapper.java
C:\academia\src\ToDo_APP\src\main\java\com\example\todo\model\AppUser.java
C:\academia\src\ToDo_APP\src\main\java\com\example\todo\model\AuditLog.java
C:\academia\src\ToDo_APP\src\main\java\com\example\todo\model\Category.java
C:\academia\src\ToDo_APP\src\main\java\com\example\todo\model\package-info.java
C:\academia\src\ToDo_APP\src\main\java\com\example\todo\model\Priority.java
C:\academia\src\ToDo_APP\src\main\java\com\example\todo\model\Todo.java
C:\academia\src\ToDo_APP\src\main\java\com\example\todo\model\TodoAttachment.java
C:\academia\src\ToDo_APP\src\main\java\com\example\todo\model\TodoHistory.java
C:\academia\src\ToDo_APP\src\main\java\com\example\todo\security\CustomUserDetailsService.java
C:\academia\src\ToDo_APP\src\main\java\com\example\todo\security\LoginUserPrincipal.java
C:\academia\src\ToDo_APP\src\main\java\com\example\todo\security\SecurityConfig.java
C:\academia\src\ToDo_APP\src\main\java\com\example\todo\security\TodoSecurityService.java
C:\academia\src\ToDo_APP\src\main\java\com\example\todo\security\UserDataInitializer.java
C:\academia\src\ToDo_APP\src\main\java\com\example\todo\service\AsyncAlertService.java
C:\academia\src\ToDo_APP\src\main\java\com\example\todo\service\AuditLogService.java
C:\academia\src\ToDo_APP\src\main\java\com\example\todo\service\CategoryService.java
C:\academia\src\ToDo_APP\src\main\java\com\example\todo\service\FileStorageService.java
C:\academia\src\ToDo_APP\src\main\java\com\example\todo\service\MailService.java
C:\academia\src\ToDo_APP\src\main\java\com\example\todo\service\NotificationService.java
C:\academia\src\ToDo_APP\src\main\java\com\example\todo\service\package-info.java
C:\academia\src\ToDo_APP\src\main\java\com\example\todo\service\TodoAttachmentService.java
C:\academia\src\ToDo_APP\src\main\java\com\example\todo\service\TodoReminderScheduler.java
C:\academia\src\ToDo_APP\src\main\java\com\example\todo\service\TodoService.java
C:\academia\src\ToDo_APP\src\main\java\com\example\todo\service\UserService.java
C:\academia\src\ToDo_APP\src\main\java\com\example\todo\TodoApplication.java
